================================================================================
PREPROCESSAMENTO | bip42p.txt | R=200
================================================================================
[Inicial] |V|=1200 | |S|=100 | |T|=100 | candidatos_iniciais=1200 | M_base=7964
[Observação] Estações permitidas em todos os vértices, inclusive origens e destinos.
[Observação] Por isso, arcos entrando em S ou saindo de T NÃO são removidos automaticamente.
[Grafo original]
  Poda iterativa de folhas sem terminais: |V| 1200 -> 1152 | removidos=48 (4.00%) | tempo=0.008s
  Contração de grau 2: não aplicada por segurança (estações podem ser instaladas em todos os vértices). Vértices grau-2 não terminais remanescentes=162
[Construção A^R]
  A^R bruto normalizado: 7868 | loops_descartados=0 | fora_de_V=0 | duplicados=0 | tempo=0.010s
  [Inicial | arcos forçados a zero] 7868 -> 7868 | removidos=0 (0.00%) | sem_saida_livre/estacao=0 | sem_entrada_livre/estacao=0 | ambos=0

[Iteração 1]
  [Iteração 1 - Alcance | candidatos] 1152 -> 1152 | removidos=0 (0.00%) | fora_RS=0 | fora_RT=0
  [Iteração 1 - Alcance | arcos irrelevantes] 7868 -> 7868 | removidos=0 (0.00%) | u_fora_RS=0 | v_fora_RT=0 | ambos=0
  [Iteração 1 - pós-alcance | arcos forçados a zero] 7868 -> 7868 | removidos=0 (0.00%) | sem_saida_livre/estacao=0 | sem_entrada_livre/estacao=0 | ambos=0
  [Dominância Pred/Succ] 1152 -> 1106 | removidos=46 (3.99%) | pares_testados=639591 | pares_dominantes=46 | tempo=0.224s
    Exemplos de dominância:
      v=134 dominado por u=420 | |Pred(v)|=2, |Pred(u)|=6, |Succ(v)|=2, |Succ(u)|=6
      v=152 dominado por u=312 | |Pred(v)|=2, |Pred(u)|=4, |Succ(v)|=2, |Succ(u)|=4
      v=162 dominado por u=485 | |Pred(v)|=2, |Pred(u)|=4, |Succ(v)|=2, |Succ(u)|=4
      v=198 dominado por u=986 | |Pred(v)|=2, |Pred(u)|=4, |Succ(v)|=2, |Succ(u)|=4
      v=199 dominado por u=956 | |Pred(v)|=2, |Pred(u)|=5, |Succ(v)|=2, |Succ(u)|=5
      v=232 dominado por u=263 | |Pred(v)|=2, |Pred(u)|=5, |Succ(v)|=2, |Succ(u)|=5
      v=259 dominado por u=260 | |Pred(v)|=2, |Pred(u)|=6, |Succ(v)|=2, |Succ(u)|=6
      v=27 dominado por u=775 | |Pred(v)|=2, |Pred(u)|=5, |Succ(v)|=2, |Succ(u)|=5
      v=28 dominado por u=447 | |Pred(v)|=2, |Pred(u)|=4, |Succ(v)|=2, |Succ(u)|=4
      v=329 dominado por u=734 | |Pred(v)|=3, |Pred(u)|=5, |Succ(v)|=3, |Succ(u)|=5
  [Iteração 1 - pós-dominância | arcos forçados a zero] 7868 -> 7682 | removidos=186 (2.36%) | sem_saida_livre/estacao=93 | sem_entrada_livre/estacao=93 | ambos=0
  [Resumo iteração 1] candidatos 1152 -> 1106 | A^R 7868 -> 7682 | tempo=0.232s

[Iteração 2]
  [Iteração 2 - Alcance | candidatos] 1106 -> 1106 | removidos=0 (0.00%) | fora_RS=0 | fora_RT=0
  [Iteração 2 - Alcance | arcos irrelevantes] 7682 -> 7682 | removidos=0 (0.00%) | u_fora_RS=0 | v_fora_RT=0 | ambos=0
  [Iteração 2 - pós-alcance | arcos forçados a zero] 7682 -> 7682 | removidos=0 (0.00%) | sem_saida_livre/estacao=0 | sem_entrada_livre/estacao=0 | ambos=0
  [Dominância Pred/Succ] 1106 -> 1106 | removidos=0 (0.00%) | pares_testados=611065 | pares_dominantes=0 | tempo=0.201s
  [Iteração 2 - pós-dominância | arcos forçados a zero] 7682 -> 7682 | removidos=0 (0.00%) | sem_saida_livre/estacao=0 | sem_entrada_livre/estacao=0 | ambos=0
  [Resumo iteração 2] candidatos 1106 -> 1106 | A^R 7682 -> 7682 | tempo=0.209s
  [Estabilização] Nenhuma redução na iteração 2.

[Diagnósticos finais sem remoção]
[Diagnóstico | equivalência Pred/Succ] classes_nao_unitarias=0 | candidatos_em_classes=0 | maior_classe=0 | tempo=0.004s
[Diagnóstico | quase-dominância] pares_avaliados=687652 | >=90%=0 | >=95%=0 | >=99%=0 | tempo=0.434s
[Diagnóstico | assinatura global Orig/Dest] classes_nao_unitarias=1 | candidatos_em_classes=1106 | maior_classe=1106 | tempo=0.114s

[Resumo final do pré-processamento]
  |V| original -> pré: 1200 -> 1152 | removidos_grafo=48
  candidatos: 1152 -> 1106 | removidos=46 (3.99%)
  A^R: 7868 -> 7682 | removidos=186 (2.36%)
  tempo_total_preprocessamento=1.014s
