================================================================================
PREPROCESSAMENTO | hc11p.txt | R=150
================================================================================
[Inicial] |V|=2048 | |S|=512 | |T|=512 | candidatos_iniciais=2048 | M_base=22528
[Observação] Estações permitidas em todos os vértices, inclusive origens e destinos.
[Observação] Por isso, arcos entrando em S ou saindo de T NÃO são removidos automaticamente.
[Grafo original]
  Poda iterativa de folhas sem terminais: |V| 2048 -> 2048 | removidos=0 (0.00%) | tempo=0.016s
  Contração de grau 2: não aplicada por segurança (estações podem ser instaladas em todos os vértices). Vértices grau-2 não terminais remanescentes=0
[Construção A^R]
  A^R bruto normalizado: 22528 | loops_descartados=0 | fora_de_V=0 | duplicados=0 | tempo=0.024s
  [Inicial | arcos forçados a zero] 22528 -> 22528 | removidos=0 (0.00%) | sem_saida_livre/estacao=0 | sem_entrada_livre/estacao=0 | ambos=0

[Iteração 1]
  [Iteração 1 - Alcance | candidatos] 2048 -> 2048 | removidos=0 (0.00%) | fora_RS=0 | fora_RT=0
  [Iteração 1 - Alcance | arcos irrelevantes] 22528 -> 22528 | removidos=0 (0.00%) | u_fora_RS=0 | v_fora_RT=0 | ambos=0
  [Iteração 1 - pós-alcance | arcos forçados a zero] 22528 -> 22528 | removidos=0 (0.00%) | sem_saida_livre/estacao=0 | sem_entrada_livre/estacao=0 | ambos=0
  [Dominância Pred/Succ] 2048 -> 2048 | removidos=0 (0.00%) | pares_testados=2096128 | pares_dominantes=0 | tempo=1.668s
  [Iteração 1 - pós-dominância | arcos forçados a zero] 22528 -> 22528 | removidos=0 (0.00%) | sem_saida_livre/estacao=0 | sem_entrada_livre/estacao=0 | ambos=0
  [Resumo iteração 1] candidatos 2048 -> 2048 | A^R 22528 -> 22528 | tempo=1.687s
  [Estabilização] Nenhuma redução na iteração 1.

[Diagnósticos finais sem remoção]
[Diagnóstico | equivalência Pred/Succ] classes_nao_unitarias=0 | candidatos_em_classes=0 | maior_classe=0 | tempo=0.014s
[Diagnóstico | quase-dominância] pares_avaliados=4192256 | >=90%=0 | >=95%=0 | >=99%=0 | tempo=3.572s
[Diagnóstico | assinatura global Orig/Dest] classes_nao_unitarias=1 | candidatos_em_classes=2048 | maior_classe=2048 | tempo=1.449s

[Resumo final do pré-processamento]
  |V| original -> pré: 2048 -> 2048 | removidos_grafo=0
  candidatos: 2048 -> 2048 | removidos=0 (0.00%)
  A^R: 22528 -> 22528 | removidos=0 (0.00%)
  tempo_total_preprocessamento=6.769s
