================================================================================
PREPROCESSAMENTO | hc9u.txt | R=1
================================================================================
[Inicial] |V|=512 | |S|=128 | |T|=128 | candidatos_iniciais=512 | M_base=4608
[Observação] Estações permitidas em todos os vértices, inclusive origens e destinos.
[Observação] Por isso, arcos entrando em S ou saindo de T NÃO são removidos automaticamente.
[Grafo original]
  Poda iterativa de folhas sem terminais: |V| 512 -> 512 | removidos=0 (0.00%) | tempo=0.004s
  Contração de grau 2: não aplicada por segurança (estações podem ser instaladas em todos os vértices). Vértices grau-2 não terminais remanescentes=0
[Construção A^R]
  A^R bruto normalizado: 4608 | loops_descartados=0 | fora_de_V=0 | duplicados=0 | tempo=0.005s
  [Inicial | arcos forçados a zero] 4608 -> 4608 | removidos=0 (0.00%) | sem_saida_livre/estacao=0 | sem_entrada_livre/estacao=0 | ambos=0

[Iteração 1]
  [Iteração 1 - Alcance | candidatos] 512 -> 512 | removidos=0 (0.00%) | fora_RS=0 | fora_RT=0
  [Iteração 1 - Alcance | arcos irrelevantes] 4608 -> 4608 | removidos=0 (0.00%) | u_fora_RS=0 | v_fora_RT=0 | ambos=0
  [Iteração 1 - pós-alcance | arcos forçados a zero] 4608 -> 4608 | removidos=0 (0.00%) | sem_saida_livre/estacao=0 | sem_entrada_livre/estacao=0 | ambos=0
  [Dominância Pred/Succ] 512 -> 512 | removidos=0 (0.00%) | pares_testados=130816 | pares_dominantes=0 | tempo=0.104s
  [Iteração 1 - pós-dominância | arcos forçados a zero] 4608 -> 4608 | removidos=0 (0.00%) | sem_saida_livre/estacao=0 | sem_entrada_livre/estacao=0 | ambos=0
  [Resumo iteração 1] candidatos 512 -> 512 | A^R 4608 -> 4608 | tempo=0.108s
  [Estabilização] Nenhuma redução na iteração 1.

[Diagnósticos finais sem remoção]
[Diagnóstico | equivalência Pred/Succ] classes_nao_unitarias=0 | candidatos_em_classes=0 | maior_classe=0 | tempo=0.002s
[Diagnóstico | quase-dominância] pares_avaliados=261632 | >=90%=0 | >=95%=0 | >=99%=0 | tempo=0.192s
[Diagnóstico | assinatura global Orig/Dest] classes_nao_unitarias=1 | candidatos_em_classes=512 | maior_classe=512 | tempo=0.071s

[Resumo final do pré-processamento]
  |V| original -> pré: 512 -> 512 | removidos_grafo=0
  candidatos: 512 -> 512 | removidos=0 (0.00%)
  A^R: 4608 -> 4608 | removidos=0 (0.00%)
  tempo_total_preprocessamento=0.383s
