================================================================================
PREPROCESSAMENTO | w23c23.txt | R=1
================================================================================
[Inicial] |V|=1081 | |S|=276 | |T|=276 | candidatos_iniciais=1081 | M_base=6348
[Observação] Estações permitidas em todos os vértices, inclusive origens e destinos.
[Observação] Por isso, arcos entrando em S ou saindo de T NÃO são removidos automaticamente.
[Grafo original]
  Poda iterativa de folhas sem terminais: |V| 1081 -> 1081 | removidos=0 (0.00%) | tempo=0.005s
  Contração de grau 2: não aplicada por segurança (estações podem ser instaladas em todos os vértices). Vértices grau-2 não terminais remanescentes=0
[Construção A^R]
  A^R bruto normalizado: 6348 | loops_descartados=0 | fora_de_V=0 | duplicados=0 | tempo=0.006s
  [Inicial | arcos forçados a zero] 6348 -> 6348 | removidos=0 (0.00%) | sem_saida_livre/estacao=0 | sem_entrada_livre/estacao=0 | ambos=0

[Iteração 1]
  [Iteração 1 - Alcance | candidatos] 1081 -> 1081 | removidos=0 (0.00%) | fora_RS=0 | fora_RT=0
  [Iteração 1 - Alcance | arcos irrelevantes] 6348 -> 6348 | removidos=0 (0.00%) | u_fora_RS=0 | v_fora_RT=0 | ambos=0
  [Iteração 1 - pós-alcance | arcos forçados a zero] 6348 -> 6348 | removidos=0 (0.00%) | sem_saida_livre/estacao=0 | sem_entrada_livre/estacao=0 | ambos=0
  [Dominância Pred/Succ] 1081 -> 552 | removidos=529 (48.94%) | pares_testados=306452 | pares_dominantes=529 | tempo=0.146s
    Exemplos de dominância:
      v=10 dominado por u=1 | |Pred(v)|=4, |Pred(u)|=46, |Succ(v)|=4, |Succ(u)|=46
      v=100 dominado por u=95 | |Pred(v)|=4, |Pred(u)|=46, |Succ(v)|=4, |Succ(u)|=46
      v=1000 dominado por u=988 | |Pred(v)|=4, |Pred(u)|=46, |Succ(v)|=4, |Succ(u)|=46
      v=1001 dominado por u=988 | |Pred(v)|=4, |Pred(u)|=46, |Succ(v)|=4, |Succ(u)|=46
      v=1002 dominado por u=988 | |Pred(v)|=4, |Pred(u)|=46, |Succ(v)|=4, |Succ(u)|=46
      v=1003 dominado por u=988 | |Pred(v)|=4, |Pred(u)|=46, |Succ(v)|=4, |Succ(u)|=46
      v=1004 dominado por u=988 | |Pred(v)|=4, |Pred(u)|=46, |Succ(v)|=4, |Succ(u)|=46
      v=1005 dominado por u=988 | |Pred(v)|=4, |Pred(u)|=46, |Succ(v)|=4, |Succ(u)|=46
      v=1006 dominado por u=988 | |Pred(v)|=4, |Pred(u)|=46, |Succ(v)|=4, |Succ(u)|=46
      v=1007 dominado por u=988 | |Pred(v)|=4, |Pred(u)|=46, |Succ(v)|=4, |Succ(u)|=46
  [Iteração 1 - pós-dominância | arcos forçados a zero] 6348 -> 4232 | removidos=2116 (33.33%) | sem_saida_livre/estacao=1056 | sem_entrada_livre/estacao=1060 | ambos=0
  [Resumo iteração 1] candidatos 1081 -> 552 | A^R 6348 -> 4232 | tempo=0.151s

[Iteração 2]
  [Iteração 2 - Alcance | candidatos] 552 -> 552 | removidos=0 (0.00%) | fora_RS=0 | fora_RT=0
  [Iteração 2 - Alcance | arcos irrelevantes] 4232 -> 4232 | removidos=0 (0.00%) | u_fora_RS=0 | v_fora_RT=0 | ambos=0
  [Iteração 2 - pós-alcance | arcos forçados a zero] 4232 -> 4232 | removidos=0 (0.00%) | sem_saida_livre/estacao=0 | sem_entrada_livre/estacao=0 | ambos=0
  [Dominância Pred/Succ] 552 -> 552 | removidos=0 (0.00%) | pares_testados=49223 | pares_dominantes=0 | tempo=0.047s
  [Iteração 2 - pós-dominância | arcos forçados a zero] 4232 -> 4232 | removidos=0 (0.00%) | sem_saida_livre/estacao=0 | sem_entrada_livre/estacao=0 | ambos=0
  [Resumo iteração 2] candidatos 552 -> 552 | A^R 4232 -> 4232 | tempo=0.051s
  [Estabilização] Nenhuma redução na iteração 2.

[Diagnósticos finais sem remoção]
[Diagnóstico | equivalência Pred/Succ] classes_nao_unitarias=0 | candidatos_em_classes=0 | maior_classe=0 | tempo=0.002s
[Diagnóstico | quase-dominância] pares_avaliados=86279 | >=90%=0 | >=95%=0 | >=99%=0 | tempo=0.064s
[Diagnóstico | assinatura global Orig/Dest] classes_nao_unitarias=1 | candidatos_em_classes=552 | maior_classe=552 | tempo=0.130s

[Resumo final do pré-processamento]
  |V| original -> pré: 1081 -> 1081 | removidos_grafo=0
  candidatos: 1081 -> 552 | removidos=529 (48.94%)
  A^R: 6348 -> 4232 | removidos=2116 (33.33%)
  tempo_total_preprocessamento=0.411s
